<html>
<body>
<pre>
<h1>µVision Build Log</h1>
<h2>Tool Versions:</h2>
IDE-Version: ¦ÌVision V5.18.0.0
Copyright (C) 2016 ARM Ltd and ARM Germany GmbH. All rights reserved.
License Information: qaz qaz, qaz, LIC=RC9VE-59I0A-2YXV0-BMJ6U-QS64C-VQYJL
 
Tool Versions:
Toolchain:       MDK-ARM Standard  Version: 5.18
Toolchain Path:  D:\Keil5.18\ARM\ARMCC\Bin
C Compiler:      Armcc.exe V5.06 update 1 (build 61)
Assembler:       Armasm.exe V5.06 update 1 (build 61)
Linker/Locator:  ArmLink.exe V5.06 update 1 (build 61)
Library Manager: ArmAr.exe V5.06 update 1 (build 61)
Hex Converter:   FromElf.exe V5.06 update 1 (build 61)
CPU DLL:         SARMCM3.DLL V5.18
Dialog DLL:      DCM.DLL V1.13.6.0
Target DLL:      STLink\ST-LINKIII-KEIL_SWO.dll V2.0.18.0
Dialog DLL:      TCM.DLL V1.14.8.0
 
<h2>Project:</h2>
F:\Code\Stm32_Code\OLED_Debug\MDK-ARM\OLED_Debug.uvprojx
Project File Date:  01/27/2020

<h2>Output:</h2>
*** Using Compiler 'V5.06 update 1 (build 61)', folder: 'D:\Keil5.18\ARM\ARMCC\Bin'
Build target 'OLED_Debug'
compiling oledkey.c...
..\Consumer\oledkey.h(25): warning:  #1295-D: Deprecated declaration KeyFunction - give arg types
  uint8_t KeyFunction();
..\Consumer\oled.h(50): warning:  #1295-D: Deprecated declaration Picture - give arg types
  void Picture();
..\Consumer\oledkey.c(121): warning:  #940-D: missing return statement at end of non-void function "KeyFunction"
  }
..\Consumer\oledkey.c: 3 warnings, 0 errors
compiling oled.c...
..\Consumer\oled.h(50): warning:  #1295-D: Deprecated declaration Picture - give arg types
  void Picture();
..\Consumer\oled.c: 1 warning, 0 errors
linking...
Program Size: Code=4860 RO-data=2432 RW-data=828 ZI-data=1092  
FromELF: creating hex file...
"OLED_Debug\OLED_Debug.axf" - 0 Error(s), 4 Warning(s).

<h2>Software Packages used:</h2>

Package Vendor: ARM
                http://www.keil.com/pack/ARM.CMSIS.4.5.0.pack
                ARM::CMSIS:CORE:4.3.0
                CMSIS (Cortex Microcontroller Software Interface Standard)
   * Component: CORE Version: 4.3.0

<h2>Collection of Component include folders:</h2>
  F:\Code\Stm32_Code\OLED_Debug\MDK-ARM\RTE
  D:\Keil5.18\ARM\PACK\ARM\CMSIS\4.5.0\CMSIS\Include
  D:\Keil5.18\ARM\PACK\Keil\STM32F1xx_DFP\2.2.0\Device\Include

<h2>Collection of Component Files used:</h2>

   * Component: ARM::CMSIS:CORE:4.3.0
Build Time Elapsed:  00:00:01
</pre>
</body>
</html>
