<html>
<body>
<pre>
<h1>µVision Build Log</h1>
<h2>Tool Versions:</h2>
IDE-Version: ¦ÌVision V5.18.0.0
Copyright (C) 2016 ARM Ltd and ARM Germany GmbH. All rights reserved.
License Information: qaz qaz, qaz, LIC=RC9VE-59I0A-2YXV0-BMJ6U-QS64C-VQYJL
 
Tool Versions:
Toolchain:       MDK-ARM Standard  Version: 5.18
Toolchain Path:  D:\Keil5.18\ARM\ARMCC\Bin
C Compiler:      Armcc.exe V5.06 update 1 (build 61)
Assembler:       Armasm.exe V5.06 update 1 (build 61)
Linker/Locator:  ArmLink.exe V5.06 update 1 (build 61)
Library Manager: ArmAr.exe V5.06 update 1 (build 61)
Hex Converter:   FromElf.exe V5.06 update 1 (build 61)
CPU DLL:         SARMCM3.DLL V5.18
Dialog DLL:      DCM.DLL V1.13.6.0
Target DLL:      STLink\ST-LINKIII-KEIL_SWO.dll V2.0.18.0
Dialog DLL:      TCM.DLL V1.14.8.0
 
<h2>Project:</h2>
F:\Code\Stm32_Code\OLED\MDK-ARM\OLED.uvprojx
Project File Date:  01/22/2020

<h2>Output:</h2>
*** Using Compiler 'V5.06 update 1 (build 61)', folder: 'D:\Keil5.18\ARM\ARMCC\Bin'
Build target 'OLED'
compiling main.c...
..\Consumer\oled.h(50): warning:  #1295-D: Deprecated declaration Picture - give arg types
  void Picture();
../Src/main.c(124): warning:  #550-D: variable "t" was set but never used
  	u8 t;
../Src/main.c: 2 warnings, 0 errors
linking...
Program Size: Code=5700 RO-data=292 RW-data=1940 ZI-data=5316  
FromELF: creating hex file...
"OLED\OLED.axf" - 0 Error(s), 2 Warning(s).

<h2>Software Packages used:</h2>

Package Vendor: ARM
                http://www.keil.com/pack/ARM.CMSIS.4.5.0.pack
                ARM::CMSIS:CORE:4.3.0
                CMSIS (Cortex Microcontroller Software Interface Standard)
   * Component: CORE Version: 4.3.0

<h2>Collection of Component include folders:</h2>
  F:\Code\Stm32_Code\OLED\MDK-ARM\RTE
  D:\Keil5.18\ARM\PACK\ARM\CMSIS\4.5.0\CMSIS\Include
  D:\Keil5.18\ARM\PACK\Keil\STM32F1xx_DFP\2.2.0\Device\Include

<h2>Collection of Component Files used:</h2>

   * Component: ARM::CMSIS:CORE:4.3.0
Build Time Elapsed:  00:00:01
</pre>
</body>
</html>
