<html>
<body>
<pre>
<h1>µVision Build Log</h1>
<h2>Tool Versions:</h2>
IDE-Version: ¦ÌVision V5.18.0.0
Copyright (C) 2016 ARM Ltd and ARM Germany GmbH. All rights reserved.
License Information: qaz qaz, qaz, LIC=RC9VE-59I0A-2YXV0-BMJ6U-QS64C-VQYJL
 
Tool Versions:
Toolchain:       MDK-ARM Standard  Version: 5.18
Toolchain Path:  D:\Keil5.18\ARM\ARMCC\Bin
C Compiler:      Armcc.exe V5.06 update 1 (build 61)
Assembler:       Armasm.exe V5.06 update 1 (build 61)
Linker/Locator:  ArmLink.exe V5.06 update 1 (build 61)
Library Manager: ArmAr.exe V5.06 update 1 (build 61)
Hex Converter:   FromElf.exe V5.06 update 1 (build 61)
CPU DLL:         SARMCM3.DLL V5.18
Dialog DLL:      DCM.DLL V1.13.6.0
Target DLL:      STLink\ST-LINKIII-KEIL_SWO.dll V2.0.18.0
Dialog DLL:      TCM.DLL V1.14.8.0
 
<h2>Project:</h2>
F:\Stm32_Code\NB-IOT-ESP8266\MDK-ARM\NB-IOT.uvprojx
Project File Date:  11/26/2019

<h2>Output:</h2>
*** Using Compiler 'V5.06 update 1 (build 61)', folder: 'D:\Keil5.18\ARM\ARMCC\Bin'
Build target 'NB-IOT'
assembling startup_stm32f103xb.s...
compiling gpio.c...
compiling dma.c...
compiling stm32f1xx_it.c...
compiling main.c...
compiling nbiotdriver.c...
..\Consumer\nbiotdriver.c(102): warning:  #188-D: enumerated type mixed with another type
  							ATNextCmdNum = ATCurrentCmdNum + 1;
..\Consumer\nbiotdriver.c: 1 warning, 0 errors
compiling stm32f1xx_hal_gpio_ex.c...
compiling led.c...
..\Consumer\led.c(34): warning:  #188-D: enumerated type mixed with another type
  		LedOff(1);
..\Consumer\led.c(54): warning:  #188-D: enumerated type mixed with another type
  			LedOn(i);
..\Consumer\led.c(62): warning:  #188-D: enumerated type mixed with another type
  				LedOff(1);
..\Consumer\led.c: 3 warnings, 0 errors
compiling time.c...
compiling usart.c...
compiling stm32f1xx_hal_msp.c...
compiling stm32f1xx_hal_tim.c...
compiling stm32f1xx_hal_tim_ex.c...
compiling stm32f1xx_hal.c...
compiling stm32f1xx_hal_rcc_ex.c...
compiling stm32f1xx_hal_pwr.c...
compiling stm32f1xx_hal_flash.c...
compiling stm32f1xx_hal_dma.c...
compiling stm32f1xx_hal_cortex.c...
compiling stm32f1xx_hal_gpio.c...
compiling stm32f1xx_hal_flash_ex.c...
compiling stm32f1xx_hal_uart.c...
compiling stm32f1xx_hal_rcc.c...
compiling system_stm32f1xx.c...
linking...
Program Size: Code=6388 RO-data=356 RW-data=136 ZI-data=2576  
FromELF: creating hex file...
"NB-IOT\NB-IOT.axf" - 0 Error(s), 4 Warning(s).

<h2>Software Packages used:</h2>

Package Vendor: ARM
                http://www.keil.com/pack/ARM.CMSIS.4.5.0.pack
                ARM::CMSIS:CORE:4.3.0
                CMSIS (Cortex Microcontroller Software Interface Standard)
   * Component: CORE Version: 4.3.0

<h2>Collection of Component include folders:</h2>
  F:\Stm32_Code\NB-IOT-ESP8266\MDK-ARM\RTE
  D:\Keil5.18\ARM\PACK\ARM\CMSIS\4.5.0\CMSIS\Include
  D:\Keil5.18\ARM\PACK\Keil\STM32F1xx_DFP\2.2.0\Device\Include

<h2>Collection of Component Files used:</h2>

   * Component: ARM::CMSIS:CORE:4.3.0
Build Time Elapsed:  00:00:03
</pre>
</body>
</html>
